------------------------------------------------------------
Timing Analyzer Summary
------------------------------------------------------------

Type  : Slow 1100mV 85C Model Setup 'clk'
Slack : -10.020
TNS   : -8856.968

Type  : Slow 1100mV 85C Model Hold 'clk'
Slack : 1.769
TNS   : 0.000

Type  : Slow 1100mV 85C Model Minimum Pulse Width 'clk'
Slack : -0.538
TNS   : -825.447

Type  : Slow 1100mV 0C Model Setup 'clk'
Slack : -9.954
TNS   : -8683.236

Type  : Slow 1100mV 0C Model Hold 'clk'
Slack : 1.693
TNS   : 0.000

Type  : Slow 1100mV 0C Model Minimum Pulse Width 'clk'
Slack : -0.538
TNS   : -831.018

Type  : Fast 1100mV 85C Model Setup 'clk'
Slack : -5.008
TNS   : -4517.805

Type  : Fast 1100mV 85C Model Hold 'clk'
Slack : 0.829
TNS   : 0.000

Type  : Fast 1100mV 85C Model Minimum Pulse Width 'clk'
Slack : -0.096
TNS   : -96.029

Type  : Fast 1100mV 0C Model Setup 'clk'
Slack : -4.384
TNS   : -3925.353

Type  : Fast 1100mV 0C Model Hold 'clk'
Slack : 0.757
TNS   : 0.000

Type  : Fast 1100mV 0C Model Minimum Pulse Width 'clk'
Slack : -0.095
TNS   : -96.738

------------------------------------------------------------
